// Jest Snapshot v1, https://goo.gl/fbAQLP

exports[`TruncateMiddleDynamic should render 1`] = `
<DocumentFragment>
  <span
    class="flex-1 inline-flex overflow-hidden"
  >
    Lorem ipsum dolor sit amet consectetur adipisicing elit.
  </span>
</DocumentFragment>
`;

exports[`TruncateMiddleDynamic should return the value if it fits the given container 1`] = `
<DocumentFragment>
  <span
    class="flex-1 inline-flex overflow-hidden"
  >
    Lorem ipsum dolor sit amet consectetur adipisicing elit.
  </span>
</DocumentFragment>
`;

exports[`TruncateMiddleDynamic should return the value if the elements have no width 1`] = `
<DocumentFragment>
  <span
    class="flex-1 inline-flex overflow-hidden"
  >
    Lorem ipsum dolor sit amet consectetur adipisicing elit.
  </span>
</DocumentFragment>
`;
